[2026-08-05 06:20:45] [INFO] Script path: C:\Users\labuser\Documents\Training\Day3\event-log-archive-cleanup-safe.ps1
[2026-08-05 06:20:45] [INFO] Host: c261-13-1
[2026-08-05 06:20:45] [INFO] User: labuser
[2026-08-05 06:20:45] [INFO] Starting cleanup mode.
[2026-08-05 06:20:45] [INFO] DryRun: True
[2026-08-05 06:20:45] [INFO] OlderThanDays: 3
[2026-08-05 06:20:45] [INFO] CutoffDate: 8/2/2026 6:20:45 AM
[2026-08-05 06:20:45] [INFO] ArchiveDateFolder: C:\Users\labuser\Documents\Training\Day3\eventlog-work\archives\20260805
[2026-08-05 06:20:45] [INFO] ManifestPath: C:\Users\labuser\Documents\Training\Day3\eventlog-work\manifests\manifest-20260805-062045.csv
[2026-08-05 06:20:45] [INFO] DRY RUN - would archive and clear 'Application' with 331 records. Archive: C:\Users\labuser\Documents\Training\Day3\eventlog-work\archives\20260805\Application.evtx
[2026-08-05 06:20:45] [INFO] DRY RUN - would archive and clear 'System' with 2035 records. Archive: C:\Users\labuser\Documents\Training\Day3\eventlog-work\archives\20260805\System.evtx
[2026-08-05 06:20:45] [INFO] DRY RUN total records that would be deleted: 2366
[2026-08-05 06:20:45] [INFO] ======================================================================
[2026-08-05 06:20:45] [INFO] Summary for mode: Cleanup-DryRun
[2026-08-05 06:20:45] [INFO] LogsEvaluated: 2
[2026-08-05 06:20:45] [INFO] LogsTargeted: 2
[2026-08-05 06:20:45] [INFO] LogsArchived: 0
[2026-08-05 06:20:45] [INFO] LogsCleared: 0
[2026-08-05 06:20:45] [INFO] LogsSkippedNoEvents: 0
[2026-08-05 06:20:45] [INFO] LogsSkippedNotOldEnough: 0
[2026-08-05 06:20:45] [INFO] LogsSkippedArchiveExists: 0
[2026-08-05 06:20:45] [INFO] LogsSkippedInaccessible: 0
[2026-08-05 06:20:45] [INFO] LogsFailed: 0
[2026-08-05 06:20:45] [INFO] RecordsPlannedDelete: 2366
[2026-08-05 06:20:45] [INFO] RecordsDeleted: 0
[2026-08-05 06:20:45] [INFO] RollbackFilesPlanned: 0
[2026-08-05 06:20:45] [INFO] RollbackFilesRestored: 0
[2026-08-05 06:20:45] [INFO] RollbackFilesMissing: 0
[2026-08-05 06:20:45] [INFO] Log file: C:\Users\labuser\Documents\Training\Day3\logs\eventlog-cleanup-20260805-062045.log
