[2026-08-05 18:07:11] [INFO] Starting startup program management script.
[2026-08-05 18:07:11] [INFO] Parameter set: Disable
[2026-08-05 18:07:11] [INFO] DryRun: True
[2026-08-05 18:07:11] [INFO] WorkingRoot: C:\Users\labuser\Documents\Training\Day3\startup-work
[2026-08-05 18:07:11] [INFO] Skipping metadata file in startup folder: C:\Users\labuser\AppData\Roaming\Microsoft\Windows\Start Menu\Programs\Startup\desktop.ini
[2026-08-05 18:07:11] [INFO] Skipping metadata file in startup folder: C:\ProgramData\Microsoft\Windows\Start Menu\Programs\Startup\desktop.ini
[2026-08-05 18:07:11] [INFO] Listed item: Name='' | Type= | Scope= | Location= | Value=''
[2026-08-05 18:07:11] [INFO] Listed item: Name='' | Type= | Scope= | Location= | Value=''
[2026-08-05 18:07:11] [INFO] Listed item: Name='SecurityHealth' | Type=Registry | Scope=LocalMachine | Location=HKLM:\Software\Microsoft\Windows\CurrentVersion\Run | Value='C:\Windows\system32\SecurityHealthSystray.exe'
[2026-08-05 18:07:11] [INFO] Listed item: Name='AzureArcSetup' | Type=Registry | Scope=LocalMachine | Location=HKLM:\Software\Microsoft\Windows\CurrentVersion\Run | Value='C:\Windows\AzureArcSetup\Systray\AzureArcSysTray.exe'
[2026-08-05 18:07:11] [INFO] Listed item: Name='aw-qt' | Type=StartupFolder | Scope=Common | Location=C:\ProgramData\Microsoft\Windows\Start Menu\Programs\Startup | Value='C:\ProgramData\Microsoft\Windows\Start Menu\Programs\Startup\aw-qt.lnk'
[2026-08-05 18:07:11] [ERROR] Unexpected script-level failure: Cannot bind argument to parameter 'RollbackRecords' because it is an empty collection.
[2026-08-05 18:07:11] [INFO] ================================================================================
[2026-08-05 18:07:11] [INFO] Summary written to console.
[2026-08-05 18:07:11] [INFO] Total startup items found: 5
[2026-08-05 18:07:11] [INFO] Items listed count: 5
[2026-08-05 18:07:11] [INFO] Items disabled count: 0
[2026-08-05 18:07:11] [INFO] Items skipped count: 2
[2026-08-05 18:07:11] [INFO] Errors encountered count: 1
[2026-08-05 18:07:11] [INFO] Rollback file or backup location: Not generated
[2026-08-05 18:07:11] [INFO] Log file: C:\Users\labuser\Documents\Training\Day3\logs\startup-audit-20260805-180711.log
