[2026-08-05 05:34:02] [INFO] Script path: C:\Users\labuser\Documents\Training\Day3\temp-file-cleanup-safe.ps1
[2026-08-05 05:34:02] [INFO] Host: c261-13-1
[2026-08-05 05:34:02] [INFO] User: labuser
[2026-08-05 05:34:02] [INFO] Starting rollback mode.
[2026-08-05 05:34:02] [INFO] Rollback manifest: C:\Users\labuser\Documents\Training\Day3\cleanup-work\manifests\manifest-20260805-051533.csv
[2026-08-05 05:34:02] [WARN] Rollback source missing, skipped: C:\Users\labuser\Documents\Training\Day3\cleanup-work\rollback\run-20260805-051533\C$\\Users\\labuser\\AppData\\Local\\Temp\\2\\exthost-3347a8.cpuprofile
[2026-08-05 05:34:02] [WARN] Rollback source missing, skipped: C:\Users\labuser\Documents\Training\Day3\cleanup-work\rollback\run-20260805-051533\C$\\Users\\labuser\\AppData\\Local\\Temp\\2\\gen_py\\3.9\\dicts.dat
[2026-08-05 05:34:02] [WARN] Rollback source missing, skipped: C:\Users\labuser\Documents\Training\Day3\cleanup-work\rollback\run-20260805-051533\C$\\Users\\labuser\\AppData\\Local\\Temp\\2\\gen_py\\3.9\\__init__.py
[2026-08-05 05:34:02] [INFO] ======================================================================
[2026-08-05 05:34:02] [INFO] Summary for mode: Rollback
[2026-08-05 05:34:02] [INFO] FilesScanned: 0
[2026-08-05 05:34:02] [INFO] CandidateFiles: 0
[2026-08-05 05:34:02] [INFO] FilesMovedToRollback: 0
[2026-08-05 05:34:02] [INFO] FilesRestored: 0
[2026-08-05 05:34:02] [INFO] FilesSkippedLocked: 0
[2026-08-05 05:34:02] [INFO] FilesSkippedMissing: 3
[2026-08-05 05:34:02] [INFO] FilesSkippedInUse: 0
[2026-08-05 05:34:02] [INFO] FilesSkippedAlreadyExists: 0
[2026-08-05 05:34:02] [INFO] FilesFailed: 0
[2026-08-05 05:34:02] [INFO] Log file: C:\Users\labuser\Documents\Training\Day3\logs\temp-cleanup-20260805-053402.log
