[2026-08-05 05:12:47] [INFO] Script path: C:\Users\labuser\Documents\Training\Day3\temp-file-cleanup-safe.ps1
[2026-08-05 05:12:47] [INFO] Host: c261-13-1
[2026-08-05 05:12:47] [INFO] User: labuser
[2026-08-05 05:12:47] [INFO] Starting cleanup mode.
[2026-08-05 05:12:47] [INFO] DryRun: True
[2026-08-05 05:12:47] [INFO] OlderThanDays: 0
[2026-08-05 05:12:47] [INFO] CutoffDate: 8/5/2026 5:12:47 AM
[2026-08-05 05:12:47] [INFO] RollbackFolder: C:\Users\labuser\Documents\Training\Day3\cleanup-work\rollback\run-20260805-051247
[2026-08-05 05:12:47] [INFO] ManifestPath: C:\Users\labuser\Documents\Training\Day3\cleanup-work\manifests\manifest-20260805-051247.csv
[2026-08-05 05:12:47] [INFO] Scanning target path: C:\Users\labuser\AppData\Local\Temp\2
[2026-08-05 05:12:47] [WARN] Locked or unavailable, skipped: C:\Users\labuser\AppData\Local\Temp\2\5435a748-99b3-4482-a652-a925dfe6c629.tmp
[2026-08-05 05:12:47] [INFO] DRY RUN - would move: C:\Users\labuser\AppData\Local\Temp\2\exthost-3347a8.cpuprofile -> C:\Users\labuser\Documents\Training\Day3\cleanup-work\rollback\run-20260805-051247\C$\\Users\\labuser\\AppData\\Local\\Temp\\2\\exthost-3347a8.cpuprofile
[2026-08-05 05:12:47] [INFO] DRY RUN - would move: C:\Users\labuser\AppData\Local\Temp\2\gen_py\3.9\dicts.dat -> C:\Users\labuser\Documents\Training\Day3\cleanup-work\rollback\run-20260805-051247\C$\\Users\\labuser\\AppData\\Local\\Temp\\2\\gen_py\\3.9\\dicts.dat
[2026-08-05 05:12:47] [INFO] DRY RUN - would move: C:\Users\labuser\AppData\Local\Temp\2\gen_py\3.9\__init__.py -> C:\Users\labuser\Documents\Training\Day3\cleanup-work\rollback\run-20260805-051247\C$\\Users\\labuser\\AppData\\Local\\Temp\\2\\gen_py\\3.9\\__init__.py
[2026-08-05 05:12:47] [INFO] Scanning target path: C:\Windows\Temp
[2026-08-05 05:12:47] [INFO] Manifest written: C:\Users\labuser\Documents\Training\Day3\cleanup-work\manifests\manifest-20260805-051247.csv
[2026-08-05 05:12:47] [INFO] ======================================================================
[2026-08-05 05:12:47] [INFO] Summary for mode: Cleanup-DryRun
[2026-08-05 05:12:47] [INFO] FilesSkippedLocked: 1
[2026-08-05 05:12:47] [INFO] FilesFailed: 0
[2026-08-05 05:12:47] [INFO] FilesSkippedAlreadyExists: 0
[2026-08-05 05:12:47] [INFO] FilesScanned: 4
[2026-08-05 05:12:47] [INFO] FilesSkippedMissing: 0
[2026-08-05 05:12:47] [INFO] FilesRestored: 0
[2026-08-05 05:12:47] [INFO] FilesSkippedInUse: 0
[2026-08-05 05:12:47] [INFO] FilesMovedToRollback: 0
[2026-08-05 05:12:47] [INFO] CandidateFiles: 4
[2026-08-05 05:12:47] [INFO] Log file: C:\Users\labuser\Documents\Training\Day3\logs\temp-cleanup-20260805-051247.log
